package gowdkapp

import (
	"context"
	"embed"
	"errors"
	patients "example.com/app/contracts/patients"
	newsletter "example.com/app/newsletter"
	gowdkactions "github.com/cssbruno/gowdk/addons/actions"
	gowdkruntime "github.com/cssbruno/gowdk/runtime/app"
	gowdkcontracts "github.com/cssbruno/gowdk/runtime/contracts"
	gowdkform "github.com/cssbruno/gowdk/runtime/form"
	gowdkresponse "github.com/cssbruno/gowdk/runtime/response"
	"io/fs"
	"net/http"
	"os"
	"path"
	"strings"
	"sync"
)

const maxActionBodyBytes int64 = 1 << 20
const maxAPIBodyBytes int64 = 1 << 20

//go:embed app
var embeddedFiles embed.FS

func Handler() (http.Handler, error) {
	return ServeMux()
}
func ServeMux() (*http.ServeMux, error) {
	root, err := fs.Sub(embeddedFiles, "app")
	if err != nil {
		return nil, err
	}
	var csrfErr error
	csrfTokenSource, csrfErr = newCSRF()
	if csrfErr != nil {
		return nil, csrfErr
	}
	csrfValidator = csrfTokenSource
	backendRouter, err := newBackendRouter()
	if err != nil {
		return nil, err
	}
	mux := http.NewServeMux()
	mux.Handle("/", gowdkruntime.Handler{Root: root, Identity: gowdkruntime.InstanceIdentity(), Assets: gowdkruntime.LoadAssetManifest(root), ErrorPages: gowdkruntime.LoadErrorPages(root), Backend: backendRouter.HandlerFunc(), CSRF: csrfTokenSource, SSRExact: ssrExact, SSRDynamic: ssrDynamic, RequestTimeout: gowdkruntime.DefaultRequestTimeout})
	return mux, nil
}
func action(response http.ResponseWriter, request *http.Request) bool {
	requestPath := actionRequestPath(request.URL.Path)
	switch requestPath {
	case "/newsletter":
		ctx := gowdkruntime.WithEndpoint(gowdkruntime.WithRequest(request.Context(), request), gowdkruntime.EndpointMetadata{Kind: "action", PageID: "newsletter", Name: "Subscribe", Method: "POST", Path: "/newsletter"})
		request = request.WithContext(ctx)
		request.Body = http.MaxBytesReader(response, request.Body, maxActionBodyBytes)
		if err := request.ParseForm(); err != nil {
			if strings.Contains(err.Error(), "request body too large") {
				gowdkresponse.WriteNoStoreError(response, http.StatusRequestEntityTooLarge, "request body too large")
				return true
			}
			gowdkresponse.WriteNoStoreError(response, http.StatusBadRequest, "invalid form")
			return true
		}
		if csrfValidator != nil {
			if err := csrfValidator.Validate(request); err != nil {
				gowdkresponse.WriteNoStoreError(response, http.StatusForbidden, "invalid csrf token")
				return true
			}
		}
		values := gowdkform.FromURLValues(request.PostForm)
		if decodedValues, err := gowdkform.DecodeExpected(values, gowdkform.Schema{Fields: []gowdkform.Field{{Name: "email"}, {Name: "tag"}, {Name: "age"}, {Name: "remember"}}}); err != nil {
			gowdkresponse.WriteNoStoreError(response, http.StatusBadRequest, "invalid form")
			return true
		} else {
			values = decodedValues
		}
		input, err := decodeNewsletterSubscribeBoundInput(values)
		if err != nil {
			gowdkresponse.WriteNoStoreError(response, http.StatusBadRequest, "invalid form")
			return true
		}
		result, err := newsletter.Subscribe(ctx, input)
		if err != nil {
			gowdkresponse.WriteNoStoreHandlerError(response, err, http.StatusInternalServerError)
			return true
		}
		_ = gowdkresponse.WriteNoStoreHTTP(response, result)
		return true
	default:
		return false
	}
}
func actionRequestPath(value string) string {
	return path.Clean("/" + value)
}
func decodeNewsletterSubscribeBoundInput(values gowdkform.Values) (newsletter.SubscribeInput, error) {
	input := newsletter.SubscribeInput{}
	field0, ok, err := gowdkform.String(values, "email")
	if err != nil {
		return input, err
	}
	if ok {
		input.Email = field0
	}
	field1 := gowdkform.Strings(values, "tag")
	if len(field1) > 0 {
		input.Tags = field1
	}
	field2, ok, err := gowdkform.Int(values, "age", 0)
	if err != nil {
		return input, err
	}
	if ok {
		input.Age = int(field2)
	}
	field3, ok, err := gowdkform.Bool(values, "remember")
	if err != nil {
		return input, err
	}
	if ok {
		input.Remember = field3
	}
	return input, nil
}
func api(response http.ResponseWriter, request *http.Request) bool {
	return false
}
func fragment(response http.ResponseWriter, request *http.Request) bool {
	return false
}
func commandPatientsCreatePatientPOSTPatients(contractRegistry *gowdkcontracts.Registry) gowdkruntime.BackendHandler {
	return func(response http.ResponseWriter, request *http.Request) bool {
		ctx := gowdkruntime.WithEndpoint(gowdkruntime.WithRequest(request.Context(), request), gowdkruntime.EndpointMetadata{Kind: "command", PageID: "patients", Name: "patients.CreatePatient", Method: "POST", Path: "/patients"})
		request = request.WithContext(ctx)
		request.Body = http.MaxBytesReader(response, request.Body, maxActionBodyBytes)
		if err := request.ParseForm(); err != nil {
			if strings.Contains(err.Error(), "request body too large") {
				gowdkresponse.WriteNoStoreJSONError(response, http.StatusRequestEntityTooLarge, "request body too large")
				return true
			}
			gowdkresponse.WriteNoStoreJSONError(response, http.StatusBadRequest, "invalid form")
			return true
		}
		if csrfValidator != nil {
			if err := csrfValidator.Validate(request); err != nil {
				gowdkresponse.WriteNoStoreJSONError(response, http.StatusForbidden, "invalid csrf token")
				return true
			}
		}
		values := gowdkform.FromURLValues(request.PostForm)
		input, err := decodeContractPatientsCreatePatientInput(values)
		if err != nil {
			gowdkresponse.WriteNoStoreJSONError(response, http.StatusBadRequest, "invalid form")
			return true
		}
		result, events, err := gowdkcontracts.CaptureCommandEventsForRole[patients.CreatePatient, patients.CreatePatientResult](ctx, contractRegistry, gowdkcontracts.RoleWeb, input)
		if err != nil {
			gowdkresponse.WriteNoStoreHandlerJSONError(response, err, http.StatusInternalServerError)
			return true
		}
		if dispatchErr := gowdkcontracts.DispatchCommandEvents(ctx, currentContractEventSink(), contractRegistry, gowdkcontracts.RoleWeb, events); dispatchErr != nil {
			gowdkresponse.WriteNoStoreHandlerJSONError(response, dispatchErr, http.StatusInternalServerError)
			return true
		}
		httpResult, err := gowdkresponse.JSONValue(http.StatusOK, result)
		if err != nil {
			gowdkresponse.WriteNoStoreHandlerJSONError(response, err, http.StatusInternalServerError)
			return true
		}
		_ = gowdkresponse.WriteNoStoreHTTP(response, httpResult)
		return true
	}
}
func queryPatientsGetPatientPageGETPatients(contractRegistry *gowdkcontracts.Registry) gowdkruntime.BackendHandler {
	return func(response http.ResponseWriter, request *http.Request) bool {
		ctx := gowdkruntime.WithEndpoint(gowdkruntime.WithRequest(request.Context(), request), gowdkruntime.EndpointMetadata{Kind: "query", PageID: "patients", Name: "patients.GetPatientPage", Method: "GET", Path: "/patients"})
		request = request.WithContext(ctx)
		values := gowdkform.FromURLValues(request.URL.Query())
		input, err := decodeContractPatientsGetPatientPageInput(values)
		if err != nil {
			gowdkresponse.WriteNoStoreJSONError(response, http.StatusBadRequest, "invalid form")
			return true
		}
		result, err := gowdkcontracts.ExecuteQueryForRole[patients.GetPatientPage, patients.PatientPageData](ctx, contractRegistry, gowdkcontracts.RoleWeb, input)
		if err != nil {
			gowdkresponse.WriteNoStoreHandlerJSONError(response, err, http.StatusInternalServerError)
			return true
		}
		httpResult, err := gowdkresponse.JSONValue(http.StatusOK, result)
		if err != nil {
			gowdkresponse.WriteNoStoreHandlerJSONError(response, err, http.StatusInternalServerError)
			return true
		}
		_ = gowdkresponse.WriteNoStoreHTTP(response, httpResult)
		return true
	}
}
func decodeContractPatientsCreatePatientInput(values gowdkform.Values) (patients.CreatePatient, error) {
	decoded, err := gowdkform.DecodeExpected(values, gowdkform.Schema{Fields: []gowdkform.Field{{Name: "name"}, {Name: "tag"}, {Name: "age"}, {Name: "remember"}}})
	if err != nil {
		return patients.CreatePatient{}, err
	}
	values = decoded
	input := patients.CreatePatient{}
	field0, ok, err := gowdkform.String(values, "name")
	if err != nil {
		return input, err
	}
	if ok {
		input.Name = field0
	}
	field1 := gowdkform.Strings(values, "tag")
	if len(field1) > 0 {
		input.Tags = field1
	}
	field2, ok, err := gowdkform.Int(values, "age", 0)
	if err != nil {
		return input, err
	}
	if ok {
		input.Age = int(field2)
	}
	field3, ok, err := gowdkform.Bool(values, "remember")
	if err != nil {
		return input, err
	}
	if ok {
		input.Remember = field3
	}
	return input, nil
}
func decodeContractPatientsGetPatientPageInput(values gowdkform.Values) (patients.GetPatientPage, error) {
	decoded, err := gowdkform.DecodeExpected(values, gowdkform.Schema{Fields: []gowdkform.Field{{Name: "filter"}}})
	if err != nil {
		return patients.GetPatientPage{}, err
	}
	values = decoded
	input := patients.GetPatientPage{}
	field0, ok, err := gowdkform.String(values, "filter")
	if err != nil {
		return input, err
	}
	if ok {
		input.Filter = field0
	}
	return input, nil
}

var contractEventSinkMu sync.RWMutex
var contractEventSink gowdkcontracts.CommandEventSink

func RegisterContractEventSink(sink gowdkcontracts.CommandEventSink) {
	contractEventSinkMu.Lock()
	defer contractEventSinkMu.Unlock()
	contractEventSink = sink
}
func currentContractEventSink() gowdkcontracts.CommandEventSink {
	contractEventSinkMu.RLock()
	defer contractEventSinkMu.RUnlock()
	return contractEventSink
}
func NewContractRegistry() *gowdkcontracts.Registry {
	contractRegistry := gowdkcontracts.NewRegistry()
	patients.Register(contractRegistry)
	return contractRegistry
}
func RunContractEventWorker(ctx context.Context, source gowdkcontracts.EventSource) error {
	return gowdkcontracts.RunEventWorker(ctx, NewContractRegistry(), source)
}
func RunContractEventWorkerWithSeenStore(ctx context.Context, source gowdkcontracts.EventSource, seen gowdkcontracts.SeenStore) error {
	return gowdkcontracts.RunEventWorkerWithSeenStore(ctx, NewContractRegistry(), source, seen)
}
func newBackendRouter() (*gowdkruntime.BackendRouter, error) {
	contractRegistry := NewContractRegistry()
	return gowdkruntime.NewBackendRouter(gowdkruntime.BackendRoute{Method: http.MethodPost, Path: "/newsletter", Kind: "action", Handler: action}, gowdkruntime.BackendRoute{Method: http.MethodPost, Path: "/patients", Kind: "command", Handler: commandPatientsCreatePatientPOSTPatients(contractRegistry)}, gowdkruntime.BackendRoute{Method: http.MethodGet, Path: "/patients", Kind: "query", Handler: queryPatientsGetPatientPageGETPatients(contractRegistry)})
}

var csrfTokenSource *gowdkactions.CSRF
var csrfValidator gowdkactions.CSRFValidator

func newCSRF() (*gowdkactions.CSRF, error) {
	secret := strings.TrimSpace(os.Getenv("GOWDK_CSRF_SECRET"))
	if secret == "" {
		return nil, errors.New("GOWDK_CSRF_SECRET is required when generated CSRF is enabled")
	}
	return gowdkactions.NewCSRF(gowdkactions.CSRFOptions{Secret: []byte(secret)})
}
func ssrExact(response http.ResponseWriter, request *http.Request) (handled bool) {
	switch request.URL.Path {
	}
	return false
}
func ssrDynamic(response http.ResponseWriter, request *http.Request) (handled bool) {
	return false
}
